apiVersion: networking.istio.io/v1alpha3
kind: Gateway
metadata:
  creationTimestamp: null
  name: gateway-istio-autogenerated-k8s-gateway
  namespace: default
spec:
  selector:
    istio: ingressgateway
  servers:
  - hosts:
    - '*.domain.example'
    port:
      name: http-80-gateway-gateway-default
      number: 80
      protocol: HTTP
  - hosts:
    - '*'
    port:
      name: tcp-34000-gateway-gateway-default
      number: 34000
      protocol: TCP
---
apiVersion: networking.istio.io/v1alpha3
kind: VirtualService
metadata:
  creationTimestamp: null
  name: tcp-tcp-istio-autogenerated-k8s-gateway
  namespace: default
spec:
  gateways:
  - default/gateway-istio-autogenerated-k8s-gateway
  hosts:
  - '*'
  tcp:
  - route:
    - destination:
        host: httpbin.default.svc.domain.suffix
        port:
          number: 9090
      weight: 33
    - destination:
        host: httpbin-alt.default.svc.domain.suffix
        port:
          number: 9090
      weight: 67
---
apiVersion: networking.istio.io/v1alpha3
kind: VirtualService
metadata:
  creationTimestamp: null
  name: http-istio-autogenerated-k8s-gateway
  namespace: default
spec:
  gateways:
  - default/gateway-istio-autogenerated-k8s-gateway
  hosts:
  - first.domain.example
  http:
  - match:
    - uri:
        prefix: /get
    route:
    - destination:
        host: httpbin.default.svc.domain.suffix
        port:
          number: 80
      weight: 40
    - destination:
        host: httpbin-other.default.svc.domain.suffix
        port:
          number: 8080
      weight: 60
  - match:
    - uri:
        prefix: /weighted-100
    route:
    - destination:
        host: foo-svc.default.svc.domain.suffix
        port:
          number: 8000
      headers:
        request:
          add:
            foo: bar
---
