apiVersion: networking.istio.io/v1alpha3
kind: Gateway
metadata:
  creationTimestamp: null
  name: gateway-istio-autogenerated-k8s-gateway
  namespace: default
spec:
  selector:
    istio: ingressgateway
  servers:
  - hosts:
    - '*'
    port:
      name: tcp-34000-gateway-gateway-default
      number: 34000
      protocol: TCP
---
apiVersion: networking.istio.io/v1alpha3
kind: VirtualService
metadata:
  creationTimestamp: null
  name: tcp-tcp-istio-autogenerated-k8s-gateway
  namespace: default
spec:
  gateways:
  - default/gateway-istio-autogenerated-k8s-gateway
  hosts:
  - '*'
  tcp:
  - route:
    - destination:
        host: httpbin1.default.svc.domain.suffix
        port:
          number: 7070
      weight: 50
    - destination:
        host: httpbin2.default.svc.domain.suffix
        port:
          number: 9090
      weight: 50
---
apiVersion: networking.istio.io/v1alpha3
kind: DestinationRule
metadata:
  creationTimestamp: null
  name: httpbin1-0-istio-autogenerated-k8s-gateway
  namespace: default
spec:
  host: httpbin1.default.svc.domain.suffix
  trafficPolicy:
    tls:
      credentialName: ca-cert
      mode: SIMPLE
---
apiVersion: networking.istio.io/v1alpha3
kind: DestinationRule
metadata:
  creationTimestamp: null
  name: httpbin2-0-istio-autogenerated-k8s-gateway
  namespace: default
spec:
  host: httpbin.default.svc.domain.suffix
  trafficPolicy:
    portLevelSettings:
    - port:
        number: 80
      tls:
        credentialName: ca-cert
        mode: SIMPLE
---
