apiVersion: networking.istio.io/v1alpha3
kind: Gateway
metadata:
  creationTimestamp: null
  name: gateway-istio-autogenerated-k8s-gateway
  namespace: default
spec:
  selector:
    istio: ingressgateway
  servers:
  - hosts:
    - '*.domain.example'
    port:
      name: http-80-gateway-gateway-default
      number: 80
      protocol: HTTP
---
apiVersion: networking.istio.io/v1alpha3
kind: VirtualService
metadata:
  creationTimestamp: null
  name: http-istio-autogenerated-k8s-gateway
  namespace: default
spec:
  gateways:
  - default/gateway-istio-autogenerated-k8s-gateway
  hosts:
  - first.domain.example
  - another.domain.example
  http:
  - headers:
      request:
        add:
          my-added-header: added-value
        remove:
        - my-removed-header
    match:
    - headers:
        my-header:
          exact: some-value
      uri:
        prefix: /get
    route:
    - destination:
        host: httpbin.default.svc.domain.suffix
        port:
          number: 80
---
apiVersion: networking.istio.io/v1alpha3
kind: VirtualService
metadata:
  creationTimestamp: null
  name: http2-istio-autogenerated-k8s-gateway
  namespace: default
spec:
  gateways:
  - default/gateway-istio-autogenerated-k8s-gateway
  hosts:
  - second.domain.example
  http:
  - match:
    - uri:
        prefix: /second
    route:
    - destination:
        host: httpbin-second.default.svc.domain.suffix
        port:
          number: 80
---
