apiVersion: networking.istio.io/v1alpha3
kind: Gateway
metadata:
  creationTimestamp: null
  name: gateway-istio-autogenerated-k8s-gateway
  namespace: default
spec:
  selector:
    istio: ingressgateway
  servers:
  - hosts:
    - '*.example.com'
    port:
      name: http-80-gateway-gateway-default
      number: 80
      protocol: HTTP
---
apiVersion: networking.istio.io/v1alpha3
kind: VirtualService
metadata:
  creationTimestamp: null
  name: echo-istio-autogenerated-k8s-gateway
  namespace: default
spec:
  gateways:
  - mesh
  hosts:
  - echo.default.svc.cluster.local
  http:
  - route:
    - destination:
        host: echo.default.svc.domain.suffix
        port:
          number: 80
---
apiVersion: networking.istio.io/v1alpha3
kind: VirtualService
metadata:
  creationTimestamp: null
  name: dual-istio-autogenerated-k8s-gateway
  namespace: default
spec:
  gateways:
  - default/gateway-istio-autogenerated-k8s-gateway
  - mesh
  hosts:
  - foo.example.com
  http:
  - route:
    - destination:
        host: example.default.svc.domain.suffix
        port:
          number: 80
---
