apiVersion: networking.istio.io/v1alpha3
kind: Gateway
metadata:
  creationTimestamp: null
  name: gateway-istio-autogenerated-k8s-gateway
  namespace: default
spec:
  selector:
    istio: ingressgateway
  servers:
  - hosts:
    - '*'
    port:
      name: tcp-34000-gateway-gateway-default
      number: 34000
      protocol: TCP
---
apiVersion: networking.istio.io/v1alpha3
kind: VirtualService
metadata:
  creationTimestamp: null
  name: tcp-tcp-istio-autogenerated-k8s-gateway
  namespace: default
spec:
  gateways:
  - default/gateway-istio-autogenerated-k8s-gateway
  hosts:
  - '*'
  tcp:
  - route:
    - destination:
        host: httpbin.default.svc.domain.suffix
        port:
          number: 9090
---
