apiVersion: networking.istio.io/v1alpha3
kind: Gateway
metadata:
  creationTimestamp: null
  name: gateway-istio-autogenerated-k8s-gateway
  namespace: default
spec:
  selector:
    istio: ingressgateway
  servers:
  - hosts:
    - '*'
    port:
      name: tls-34000-gateway-gateway-default
      number: 34000
      protocol: TLS
    tls: {}
  - hosts:
    - domain.example
    port:
      name: https-34000-gateway-gateway-default
      number: 34000
      protocol: HTTPS
    tls:
      credentialName: my-cert-http
      mode: SIMPLE
---
apiVersion: networking.istio.io/v1alpha3
kind: VirtualService
metadata:
  creationTimestamp: null
  name: tls-tls-istio-autogenerated-k8s-gateway
  namespace: default
spec:
  gateways:
  - default/gateway-istio-autogenerated-k8s-gateway
  hosts:
  - '*'
  tls:
  - match:
    - sniHosts:
      - '*'
    route:
    - destination:
        host: httpbin.default.svc.domain.suffix
        port:
          number: 443
---
apiVersion: networking.istio.io/v1alpha3
kind: VirtualService
metadata:
  creationTimestamp: null
  name: tls-match-tls-istio-autogenerated-k8s-gateway
  namespace: default
spec:
  gateways:
  - default/gateway-istio-autogenerated-k8s-gateway
  hosts:
  - '*'
  tls:
  - match:
    - sniHosts:
      - foo.com
    route:
    - destination:
        host: httpbin.default.svc.domain.suffix
        port:
          number: 443
---
apiVersion: networking.istio.io/v1alpha3
kind: VirtualService
metadata:
  creationTimestamp: null
  name: http-istio-autogenerated-k8s-gateway
  namespace: default
spec:
  gateways:
  - default/gateway-istio-autogenerated-k8s-gateway
  hosts:
  - domain.example
  http:
  - route:
    - destination:
        host: httpbin.default.svc.domain.suffix
        port:
          number: 80
---
